============================================================
🚀 เริ่มเทสใหม่จาก 0 — ใช้ key_2 ถึง key_7
   6 keys × 500 เคส = 3000 เคส
============================================================

────────────────────────────────────────────────────────────
🔑 รอบ key_2 (key: AQ.Ab8RN...qnSw)
────────────────────────────────────────────────────────────
   เขียน key_2 ลง GEMINI_API_KEY แล้ว
🔄 restart server...
  รอ server ready...
  ✅ server ready (try 15)
   ▶️  รันใหม่จาก 0 (no resume)
   args: --run --batch all --max-reqs 500


============================================================
เริ่มรัน test: 13537 เคส จากทั้งหมด 13537 (ข้าม 0)
  batch=all, max=500, resume=False
============================================================

[1/13537] ✅ detail-00001 | (รับประกันศูนย์ไทย) Xiaomi Body Composition Scale  → src=knowledge_base+mongo prods=14 4.4s
[2/13537] ✅ detail-00002 | (รับประกันศูนย์ไทย) Xiaomi Body Composition Scale  → src=knowledge_base+mongo prods=6 4.0s
[3/13537] ✅ detail-00003 | (ประกันศูนย์ไทย 1 ปี) Xiaomi Air Purifier 4 Lite ศ → src=knowledge_base+mongo prods=13 1.9s
[4/13537] ✅ detail-00004 | (รับประกันศูนย์ไทย) Xiaomi Outdoor Camera CW100 Du → src=product_store prods=10 4.7s
[5/13537] ✅ detail-00005 | (รับประกันศูนย์ไทย) Xiaomi WiFi Range Extender N30 → src=product_store prods=10 2.2s
[6/13537] ✅ detail-00006 | (รับประกันศูนย์ไทย) Xiaomi Redmi Watch 5 Lite Smar → src=product_store prods=10 4.0s
[7/13537] ✅ detail-00007 | (รับประกันศูนย์ไทย) Xiaomi Smart Air Purifier 6 ขอ → src=knowledge_base+mongo prods=22 1.8s
[8/13537] ✅ detail-00008 | กระเป๋าเป้สะพายหลัง xiaomi colorful mini backpack  → src=product_store prods=10 2.0s
[9/13537] ✅ detail-00009 | QKZ KD5 หูฟังรุ่นท็อป HYBRID DRIVERSเสียงสนั่น ขอร → src=product_store prods=10 3.8s
[10/13537] ✅ detail-00010 | QKZ KD1 หูฟังรุ่นพิเศษ Clear Bass In-Ear หูฟัง กับ → src=product_store prods=10 4.3s
[11/13537] ✅ detail-00011 | (รับประกันศูนย์ไทย) Xiaomi Smart Band 9 Active สมา → src=product_store prods=10 2.7s
[12/13537] ✅ detail-00012 | QKZ KD6 หูฟัง 3 ไดร์เวอร์เสียงระดับ Hi-Res สเตริโอ → src=product_store prods=10 4.4s
[13/13537] ✅ detail-00013 | QKZ PLA สายอัพเกรด เคลือบเงิน สำหรับรุ่น QKZ VK1 V → src=product_store prods=2 4.2s
[14/13537] ✅ detail-00014 | "yunmai color + Mi band 2 เวอร์ชั่น Inter" ขอรายละ → src=product_store prods=1 2.6s
[15/13537] ✅ detail-00015 | ZMI 6LR61 alkaline battery แบตเตอร์รี่ 9 โวลล์ ขอร → src=product_store prods=10 3.0s
[16/13537] ✅ detail-00016 | Air Purifier 4 Lite / Air Purifier Pro ขอรายละเอีย → src=product_store prods=10 3.6s
[17/13537] ✅ detail-00017 | AirPOP Sport elbow pads อุปกรณ์ป้องกันบริเวณข้อศอก → src=product_store prods=4 1.7s
[18/13537] ✅ detail-00018 | (รับประกันศูนย์ไทย) Xiaomi Sound Pocket 5W ลำโพงบล → src=product_store prods=10 4.2s
[19/13537] ✅ detail-00019 | QKZ CK1หูฟังDynamicสวย บาลานซ์แหลมกลางดี เบสแน่น ข → src=product_store prods=10 4.1s
[20/13537] ✅ detail-00020 | QKZ CK3หูฟัง2Dynamic Drivers เบสแจ่มแหลมกลางชัด ขอ → src=product_store prods=10 3.6s
[21/13537] ✅ detail-00021 | QKZ CK4หูฟัง2ไดรเวอร์ เบสนุ่มนวลทอดไกล ขอรายละเอีย → src=product_store prods=10 4.5s
[22/13537] ✅ detail-00022 | (รับประกันศูนย์ไทย) Xiaomi Smart Air Purifier 6 ขอ → src=knowledge_base+mongo prods=24 1.9s
[23/13537] ✅ detail-00023 | isuper Filter Air ไส้กรองกันฝุ่น PM 2.5 ขอรายละเอี → src=product_store prods=9 3.7s
[24/13537] ✅ detail-00024 | (รับประกันศูนย์ไทย) Xiaomi Redmi Buds 8 Active/ 6  → src=product_store prods=10 4.1s
[25/13537] ✅ detail-00025 | Mcdodo สายชาร์จ สำหรับ iP ,Micro USB,Type-C (ยาว 1 → src=product_store prods=10 2.8s
[26/13537] ✅ detail-00026 | CUKTECH AL870 / ZMI AL856 / CL315P สายชาร์จ Type-C → src=product_store prods=10 4.6s
[27/13537] ✅ detail-00027 | (รับประกันศูนย์ไทย) Xiaomi Body Composition Scale  → src=knowledge_base+mongo prods=6 3.8s
[28/13537] ✅ detail-00028 | (รับประกันศูนย์ไทย) Xiaomi Body Composition Scale  → src=knowledge_base+mongo prods=14 4.5s
[29/13537] ✅ detail-00029 | สายอัพเกรด Premium Edition เคลือบเงินสำหรับ หูฟังแ → src=product_store prods=10 2.1s
[30/13537] ✅ detail-00030 | (รับประกันศูนย์ไทย) Xiaomi Body Composition Scale  → src=knowledge_base+mongo prods=6 3.1s
[31/13537] ❌ detail-00031 | QKZ สายอัพเกรด Bluetooth 4.2 ขอรายละเอียดสินค้าหน่ → src=product_store prods=0 1.8s
[32/13537] ✅ detail-00032 | (รับประกันศูนย์ไทย) Xiaomi Redmi Watch 5 Active Sm → src=product_store prods=10 4.8s
[33/13537] ✅ detail-00033 | (รับประกันศูนย์ไทย) Xiaomi Smart Band 9 Pro สมาร์ท → src=product_store prods=10 4.7s
[34/13537] ✅ detail-00034 | Xiaomi Mi Smart Standing Fan Pro Slim /  Fan 1X /  → src=product_store prods=3 3.3s
[35/13537] ✅ detail-00035 | ELOOP รุ่น S12 สายชารจ์ USB Cable Micro USB คุณภาพ → src=product_store prods=10 3.7s
[36/13537] ✅ detail-00036 | Eloop S11 สาย สำหรับ iP/ S12 สาย Micro ความยาว 1 เ → src=product_store prods=10 3.4s
[37/13537] ✅ detail-00037 | 70mai GPS Module ศูนย์ไทย ชุดติดตั้งจีพีเอสสำหรับร → src=product_store prods=2 4.1s
[38/13537] ✅ detail-00038 | ศูนย์ไทย  70mai Air Compressor เครื่องสูบลมยางพกพา → src=product_store prods=5 1.6s
[39/13537] ✅ detail-00039 | (รับประกันศูนย์ไทย) Xiaomi Air Purifier Air 6 / 4  → src=knowledge_base+mongo prods=16 2.0s
[40/13537] ✅ detail-00040 | ศูนย์ไทย  70mai Air Compressor เครื่องปั้มลมยาง แบ → src=product_store prods=2 3.2s
[41/13537] ✅ detail-00041 | CUKTECH CTC515N 5A 100W สาย USB-C to USB-C ขอรายละ → src=product_store prods=10 6.9s
[42/13537] ✅ detail-00042 | OEM Multi-Function Thread Cutter เครื่องหั่นอเนกปร → src=product_store prods=10 1.7s
[43/13537] ✅ detail-00043 | AUTOBOT Mini 2 หุ่นยนต์ดูดฝุ่น สำหรับห้อง 50 - 60  → src=product_store prods=10 3.0s
[44/13537] ✅ detail-00044 | Yaoyang BP227 ไม้ตียุง พร้อมไฟล่อยุง หน้าจอบอกแบต  → src=product_store prods=2 1.5s
[45/13537] ✅ detail-00045 | Zaiwan ZW2811 Fan พัดลม โคมไฟ 2in1 ปรับแกนได้ 360° → src=product_store prods=9 2.9s
[46/13537] ✅ detail-00046 | Leravan Sticker Massage LF-H105 แผ่นนวดไฟฟ้า ขอราย → src=product_store prods=10 4.2s
[47/13537] ✅ detail-00047 | Leravan Lefan LF-AP017 เครื่องนวดคอ เครื่องนวดคอไฟ → src=product_store prods=10 3.6s
[48/13537] ✅ detail-00048 | Xiaomi Redmi Note 10 Pro (8/128GB) กล้อง 108MP 120 → src=product_store prods=10 3.6s
[49/13537] ✅ detail-00049 | Haylou LS05S RT สมาร์ทวอช หน้าจอ 1.28 นิ้ว ขอรายละ → src=product_store prods=10 3.3s
[50/13537] ✅ detail-00050 | Lexiu Rosou SS5 DC Fan พัดลมตั้งพื้น แรงลม 4 ระดับ → src=product_store prods=10 4.2s
[51/13537] ✅ detail-00051 | Viomi VO1602 เตาอบ ขนาด 16L ระบบแยกความร้อนบน - ล่ → src=product_store prods=10 1.9s
[52/13537] ✅ detail-00052 | Leravan LF-J003 หมอนรองคอ หมอนนวดไฟฟ้า หมอนเพื่อสุ → src=product_store prods=10 2.7s
[53/13537] ✅ detail-00053 | Yeelight Z1 - YLTD11 YL โคมไฟตั้งโต๊ะ USB Folding  → src=product_store prods=2 3.5s
[54/13537] ✅ detail-00054 | Xiaomi Roidmi M8 เครื่องดูดฝุ่นไร้สาย พลังดูดสูง 1 → src=product_store prods=10 3.6s
[55/13537] ✅ detail-00055 | (รับประกันศูยน์ไทย) Xiaomi Mijia Smart Air Purifie → src=product_store prods=10 3.5s
[56/13537] ✅ detail-00056 | Huohou Wine Bottle Opener ชุดที่เปิดขวดไวน์ไฟฟ้า เ → src=product_store prods=10 1.7s
[57/13537] ✅ detail-00057 | Deerma DX115C / DX118C เครี่องดูดฝุ่นในบ้าน พลังดู → src=product_store prods=10 4.1s
[58/13537] ✅ detail-00058 | Mahootec AS-T300 ถังขยะไฟฟ้า Automatic Sensor ขนาด → src=product_store prods=1 3.7s
[59/13537] ✅ detail-00059 | พร้อมส่ง Lefan Foot Massager เครื่องนวดเท้า ปรับได → src=product_store prods=10 3.3s
[60/13537] ✅ detail-00060 | พร้อมส่ง Xiaomi Mi Note 10 Lite (8/128GB) ประกันศู → src=product_store prods=10 3.7s
[61/13537] ✅ detail-00061 | Deerma DEM ZQ600 Home Multi-function Steam Cleaner → src=product_store prods=10 4.4s
[62/13537] ✅ detail-00062 | (ศูนย์ไทย)ASUS ROG Phone 3 (8/256GB-12/512GB) Snap → src=product_store prods=7 3.2s
[63/13537] ✅ detail-00063 | Alien Secret QCC010 Max หูฟังไร้สาย aptX™ ชาร์จไร้ → src=product_store prods=10 3.4s
[64/13537] ✅ detail-00064 | W55 นาฬิกา Smart Watch มีระบบวัดคลื่นหัวใจ-30D ขอร → src=product_store prods=10 3.7s
[65/13537] ✅ detail-00065 | Zhibai HL312 Hair Dryer 1800W ไดร์เป่าผม มีประจุไอ → src=product_store prods=10 2.0s
[66/13537] ✅ detail-00066 | Xiaomi Mi Air Purifier Pro (CN Ver.) หน้าจอ OLED ส → src=product_store prods=10 3.8s
[67/13537] ✅ detail-00067 | Eloop C4 หัวชาร์จเร็ว 45W Type-C รองรับ Quick Char → src=product_store prods=10 3.4s
[68/13537] ✅ detail-00068 | ศูนย์ไทย Xiaomi Redmi Note 9 Pro (6/128GB) Snapdra → src=product_store prods=10 4.3s
[69/13537] ✅ detail-00069 | Dreame V10 Plus (T100) รุ่นใหม่!! เพิ่มหัวดูดฝุ่นบ → src=product_store prods=10 3.0s
[70/13537] ✅ detail-00070 | Xiaomi Mijia Water Ion Electric Hair Dryer 1800W ( → src=product_store prods=10 3.3s
[71/13537] ✅ detail-00071 | Wellskins Negative Ion Hair Comb WX-FZ200 หวีผม ขอ → src=product_store prods=8 1.6s
[72/13537] ✅ detail-00072 | Xiaomi Mijia x Wiha ไขควงเปลี่ยนหัวได้ 8 in 1 ขอรา → src=product_store prods=10 2.0s
[73/13537] ✅ detail-00073 | Deerma DEM-KZ200 2 in 1 หม้อทอดไร้น้ำมัน เตาย่างไฟ → src=product_store prods=4 3.6s
[74/13537] ✅ detail-00074 | Dreame D9 หุ่นยนต์ดูดฝุ่นอิจฉริยะ พลังการดูด 3,000 → src=product_store prods=10 3.1s
[75/13537] ✅ detail-00075 | Uiisii TWS 12 ศูนย์ไทย หูฟัง true wireless กันน้ำ  → src=product_store prods=4 2.8s
[76/13537] ✅ detail-00076 | 1More Omthing Airfree หูฟังไร้สาย TWS 5.0 เสียงดี  → src=product_store prods=10 3.1s
[77/13537] ✅ detail-00077 | Lexiu SS320 พัดลมตั้งพื้น (CN V.) ปรับได้ 4 ทิศทาง → src=product_store prods=10 3.6s
[78/13537] ✅ detail-00078 | Happy Life Aroma Humidifier เครื่องทำความชื้น ขนาด → src=product_store prods=10 2.0s
[79/13537] ✅ detail-00079 | Wellskins WX-FT09 หวีไฟฟ้า ประจุไฟฟ้าลบ 4in1 ขอราย → src=product_store prods=10 2.0s
[80/13537] ✅ detail-00080 | Dr.BEI Sonic Electric Toothbrush แปรงสีฟันไฟฟ้า ระ → src=product_store prods=10 1.8s
[81/13537] ✅ detail-00081 | TP-Link 4G LTE Router (Archer MR400) เราเตอร์ใส่ซิ → src=product_store prods=10 3.5s
[82/13537] ✅ detail-00082 | P80 นาฬิกาอัจฉริยะสามารถวัดความดันโลหิต Heart Rate → src=product_store prods=10 3.0s
[83/13537] ✅ detail-00083 | JIMMY JV52 Vacuum Cleaner เครื่องดูดฝุ่น ไร้สาย ขอ → src=product_store prods=10 2.4s
[84/13537] ✅ detail-00084 | Eloop ORSEN F3 พัดลมพกพา มีแบตเตอรี่ในตัวขนาด 5000 → src=product_store prods=10 2.7s
[85/13537] ✅ detail-00085 | LEXIU Rosou GS1 เตารีดผ้า ด้วยแรงดันไอน้ำ ปรับได้  → src=product_store prods=10 2.3s
[86/13537] ✅ detail-00086 | Lexiu / ROSOU KS1 เครื่องทำน้ำอุ่นพกพา ปรับความร้อ → src=product_store prods=10 1.7s
[87/13537] ✅ detail-00087 | ศูนย์ไทย Mpow M30 True Wireless หูฟังไร้สาย Blueto → src=product_store prods=10 3.7s
[88/13537] ✅ detail-00088 | เครื่องทำความชื้น พร้อมโคมไฟ Ultrasonic Humidifier → src=product_store prods=10 2.0s
[89/13537] ✅ detail-00089 | ศูนย์ไทย  พร้อมส่ง 70mai Lite (Global Ver.) Sensor → src=product_store prods=10 3.4s
[90/13537] ✅ detail-00090 | AUTOBOT Mini Air Purified เครื่องฟอกอากาศ PM2.5 ไส → src=product_store prods=10 4.2s
[91/13537] ✅ detail-00091 | Dabai Shower หัวฝักบัวอาบน้ํา แรงดันสูง ป้องกันแบค → src=product_store prods=10 1.9s
[92/13537] ✅ detail-00092 | Zhibai Electric Shaver SL202 เครื่องโกนหนวดไฟฟ้า F → src=product_store prods=10 2.0s
[93/13537] ✅ detail-00093 | Deerma DEM-JS100 เครื่องบดกระเทียม ไร้สาย บดเนื้อ  → src=product_store prods=10 2.4s
[94/13537] ✅ detail-00094 | AUTOBOT Thompson Mini หุ่นยนต์ดูดฝุ่น 3 in 1 กวาด  → src=product_store prods=10 3.9s
[95/13537] ✅ detail-00095 | Deerma DX700/DX700S/DX810 เครื่องดูดฝุ่นแบบด้ามจับ → src=product_store prods=10 4.1s
[96/13537] ✅ detail-00096 | QCY T2C หูฟังบลูทูธ มีไมโครโฟน-1Y ขอรายละเอียดสินค → src=product_store prods=10 2.7s
[97/13537] ✅ detail-00097 | ROIDMI P6 Car Air Purifier ขอรายละเอียดสินค้าหน่อย → src=product_store prods=10 2.0s
[98/13537] ✅ detail-00098 | Leravan Lefan Foot Massager LF-ZJ007 เครื่องนวดเท้ → src=product_store prods=10 4.4s
[99/13537] ✅ detail-00099 | QCY M10 หูฟังไร้สาย TWS 5.0 สัญญาณเสถียร ดีเลย์น้อ → src=product_store prods=10 3.5s
[100/13537] ✅ detail-00100 | ศูนย์ไทย QCY iSuper T5 หูฟัง TWS 5.0 รองรับ Gaming → src=product_store prods=10 2.2s
[101/13537] ✅ detail-00101 | AirPOP Sport elbow pads อุปกรณ์ป้องกันบริเวณข้อศอก → src=product_store prods=5 1.6s
[102/13537] ✅ detail-00102 | Himo T1M Electric Bicycle มอเตอร์ไซค์ไฟฟ้า วิ่งไกล → src=product_store prods=10 1.8s
[103/13537] ✅ detail-00103 | Deerma VC20 Pro เครื่องดูดฝุ่น-ถูพื้น ไร้สาย 2 in  → src=product_store prods=10 3.3s
[104/13537] ✅ detail-00104 | Reolink Argus PT กล้องวงจรปิดไร้สาย (Global Versio → src=product_store prods=10 3.7s
[105/13537] ✅ detail-00105 | Baseus Encok หูฟังเอียร์บัด เสียงดี ครบทุกย่านเสีย → src=product_store prods=10 3.2s
[106/13537] ✅ detail-00106 | F13 Smart Watch แจ้งเตือนข้อความ วัดคลื่นหัวใจ-30D → src=product_store prods=10 2.8s
[107/13537] ✅ detail-00107 | (รับประกันศูนย์ไทย) Xiaomi Mijia Smart Air Purifie → src=product_store prods=10 2.0s
[108/13537] ✅ detail-00108 | Huohou Electric Bottle Opener  ชุดที่เปิดขวดไวน์ไฟ → src=product_store prods=10 1.8s
[109/13537] ✅ detail-00109 | Deerma DX115C / DX118C เครี่องดูดฝุ่นในบ้าน ขอรายล → src=product_store prods=10 3.2s
[110/13537] ✅ detail-00110 | Redmi Travel Luggage Bag กระเป๋าเดินทาง กุญแจล็อคT → src=product_store prods=10 3.7s
[111/13537] ✅ detail-00111 | Xiaomi Mi AloT Router AC2350 (CN.Ver) เร้าเตอร์ ขอ → src=product_store prods=10 1.8s
[112/13537] ✅ detail-00112 | Xiaomi Automatic Umbrella WD1  ร่มอัตโนมัติ กันแดด → src=product_store prods=10 1.9s
[113/13537] ✅ detail-00113 | Lexiu / ROSOU KS1 เครื่องทำน้ำอุ่น แบบพกพา ร้อนเร็ → src=product_store prods=10 1.9s
[114/13537] ✅ detail-00114 | TicWatch Pro 3 GPS สมาร์ทวอทช์  Snapdragon Wear™ - → src=product_store prods=10 4.6s
[115/13537] ✅ detail-00115 | Router เทพ Xiaomi Mi Wireless R3P Router Pro AC260 → src=product_store prods=6 3.4s
[116/13537] ✅ detail-00116 | (รับประกันศูนย์ไทย) Xiaomi Mi Vacuum Cleaner Mini  → src=product_store prods=9 11.0s
[117/13537] ✅ detail-00117 | Deerma DX900 เครื่องดูดฝุ่นไส้กรอง HEPA แรงดูด 15, → src=product_store prods=10 6.0s
[118/13537] ✅ detail-00118 | Xiaomi Mi Air 2 SE / Xiaomi True Wireless Earphone → src=product_store prods=10 2.7s
[119/13537] ✅ detail-00119 | Wanbo T2 Max แอนดรอยด์ โปรเจคเตอร์ คมชัด 1080P เล่ → src=product_store prods=2 2.7s
[120/13537] ✅ detail-00120 | ศูนย์ไทย  Deerma CM300S พลังดูดสูง 12000Pa ขอรายละ → src=product_store prods=10 6.2s
[121/13537] ✅ detail-00121 | Xiaomi Mijia Doorbell 2 Lite กล้องวงจรปิด ขอรายละเ → src=product_store prods=10 4.0s
[122/13537] ✅ detail-00122 | Yesoul MG11 หัว 4 แบบ ปรับได้ 3 ระดับ ปืนนวดกล้ามเ → src=product_store prods=10 3.2s
[123/13537] ✅ detail-00123 | Eloop EW40 Power Bank Wireless Charger 20000 mAh ช → src=product_store prods=10 4.2s
[124/13537] ✅ detail-00124 | Eloop C2 หัวชาร์จเร็ว USB C Quick Charge QC 3.0 +  → src=product_store prods=10 4.1s
[125/13537] ✅ detail-00125 | Deerma NU01 / NU11 เครื่องปั่นน้ำผลไม้ แบบพกพา ไร้ → src=product_store prods=1 2.9s
[126/13537] ✅ detail-00126 | Xiaomi Mi Air Purifier Filter ไส้กรองสำหรับเครื่อง → src=product_store prods=10 4.6s
[127/13537] ✅ detail-00127 | Zmi WCJ11 ศูนย์ไทย แท่นชาร์จไร้สายในรถ จ่ายไฟสูงสุ → src=product_store prods=10 3.8s
[128/13537] ✅ detail-00128 | Lexiu RS1 / RS101 Sweeping Robot ควบคุมผ่าน App ขอ → src=product_store prods=5 2.9s
[129/13537] ✅ detail-00129 | Smartmi Car Air Purifier เครื่องฟอกอากาศในรถ กรองฝ → src=product_store prods=10 2.0s
[130/13537] ✅ detail-00130 | (ศูนย์ไทย)ASUS ROG Phone 3 (8/256GB-12/512GB) Snap → src=product_store prods=7 2.9s
[131/13537] ✅ detail-00131 | Zaiwan ZW2816 Fan พัดลม 2 in 1 แบตเตอรี่ 2000mAh ข → src=product_store prods=10 3.1s
[132/13537] ✅ detail-00132 | ZMI B508 แท่นชาร์จไร้สาย 20W + ลำโพงบลูทูธ ขอรายละ → src=product_store prods=10 3.0s
[133/13537] ✅ detail-00133 | Deerma VC25 เครื่องดูดฝุ่นไร้สาย ถังเก็บฝุ่น 0.7L  → src=product_store prods=10 3.3s
[134/13537] ✅ detail-00134 | Xiaomi Mi Wireless Mouse Lite / WS002TM Wireless M → src=product_store prods=3 3.7s
[135/13537] ✅ detail-00135 | Xiaomi Vertical Wireless Charger 20w แท่นชาร์จไร้ส → src=product_store prods=10 3.7s
[136/13537] ✅ detail-00136 | Eloop C5 หัวชาร์จเร็ว PD, QC 4.0, FCP  สูงสุด 65W  → src=product_store prods=6 3.6s
[137/13537] ✅ detail-00137 | Eloop W5 แท่นชาร์จและแบตสำรอง 2 in 1 รองรับจ่ายไฟส → src=product_store prods=1 3.4s
[138/13537] ✅ detail-00138 | พร้อมส่ง Jipin / Solove F5 Desktop Fan พัดลมพกพา ข → src=product_store prods=10 3.2s
[139/13537] ✅ detail-00139 | Hoover Spotless Go เครื่องทำความสะอาดแบบขจัดคราบ ข → src=product_store prods=10 2.5s
[140/13537] ✅ detail-00140 | Xiaomi Mi Router AX1800 เร้าเตอร์ WiFi6 ความเร็วรั → src=product_store prods=3 4.3s
[141/13537] ✅ detail-00141 | QCY T12 หูฟังบลูทูธไร้สาย Bluetooth 5.1 ดีเลย์น้อย → src=product_store prods=10 3.0s
[142/13537] ✅ detail-00142 | Zaiwan ZW2811 Fan พัดลม โคมไฟ 2in1 ปรับแกนได้ 360° → src=product_store prods=10 3.4s
[143/13537] ✅ detail-00143 | Xiaomi Mi Smart Standing Fan 2 พัดลมตั้งพื้น ขอราย → src=knowledge_base+mongo prods=11 4.6s
[144/13537] ✅ detail-00144 | Bebird M9 Pro ไม้แคะหูอัจฉริยะ พร้อมกล้อง มีไฟ LED → src=product_store prods=10 1.7s
[145/13537] ✅ detail-00145 | SanDisk Ultra MicroSDHC เมมโมรี่การ์ด ความจุ 64GB  → src=product_store prods=3 3.0s
[146/13537] ✅ detail-00146 | Redmi K30 (8/128GB - 8/256GB) ขอรายละเอียดสินค้าหน → src=product_store prods=6 4.2s
[147/13537] ✅ detail-00147 | พร้อมส่ง PMA Hand Massager C20 เครื่องนวดมือ ขอราย → src=product_store prods=10 2.4s
[148/13537] ✅ detail-00148 | P20 Smart Watch HD หน้าจอสัมผัสแบบเต็มจอ ขอรายละเอ → src=product_store prods=10 3.3s
[149/13537] ✅ detail-00149 | Zhibai HL505 Hair Dryerไดร์เป่าผม เสียงเบาลมแรง ขอ → src=product_store prods=10 1.9s
[150/13537] ✅ detail-00150 | Uiisii BA-T6 Deep Bass Hi-res Dual Driver Earphone → src=product_store prods=1 2.9s
[151/13537] ✅ detail-00151 | (ประกันศูนย์ไทย) Xiaomi Smart Camera ขอรายละเอียดส → src=product_store prods=10 7.4s
[152/13537] ✅ detail-00152 | Huawei Band 4 สมาร์ทวอทช์ ฟังก์ชั่นครบ พร้อม 9 ขอร → src=product_store prods=10 3.1s
[153/13537] ✅ detail-00153 | Mahootec AS-T300 ถังขยะไฟฟ้า Automatic Sensor ขนาด → src=product_store prods=4 3.8s
[154/13537] ✅ detail-00154 | Lexiu RS1 / RS101 ถูแห้ง-เปียก แอพไทย มีโหมดทำความ → src=product_store prods=4 2.7s
[155/13537] ✅ detail-00155 | Xiaomi Xiaoai ลำโพงบลูทูธ BT5.0  ลำโพงพกพาไร้สาย M → src=product_store prods=10 3.3s
[156/13537] ✅ detail-00156 | ZMI Cable (AL701) สาย USB Type-C 100 ซม. รองรับชาร → src=product_store prods=10 3.7s
[157/13537] ✅ detail-00157 | Eloop E33 Power Bank 10000 mAh รองรับ PD,QC3.0 -30 → src=product_store prods=10 2.4s
[158/13537] ✅ detail-00158 | Nuheara IQBUDS หูฟังไร้สาย พร้อมโหมดเครื่องช่วยฟัง → src=product_store prods=10 2.2s
[159/13537] ✅ detail-00159 | Deerma DEM-GT106 เตารีดไอน้ำ ขนาดพกพา ร้อนเร็วเพีย → src=product_store prods=10 3.5s
[160/13537] ✅ detail-00160 | CUKTECH HA716T / AL870 / CL315P หัวชาร์จ / สายชาร์ → src=product_store prods=10 4.7s
[161/13537] ✅ detail-00161 | Pinlo Steam Oven 10L เตาอบไฟฟ้า เตาอบไอน้ำ เตาอบขน → src=product_store prods=10 1.8s
[162/13537] ✅ detail-00162 | iDragon หูฟังไร้สาย TWS พร้อมเคสชาร์จในตัว (รับประ → src=product_store prods=10 3.1s
[163/13537] ✅ detail-00163 | Xiaomi ai speaker play ลำโพง wireless-30D ขอรายละเ → src=product_store prods=10 3.3s
[164/13537] ✅ detail-00164 | YASE CLIP-FAN รุ่น YS2007 พัดลมพกพา พัดลมตั้งโต๊ะ  → src=product_store prods=10 1.6s
[165/13537] ✅ detail-00165 | Mahootec Car 2in1 Vacuum เครื่องดูดฝุ่น ในรถยนต์   → src=product_store prods=10 3.4s
[166/13537] ✅ detail-00166 | (รับประกันศูนย์ไทย) Xiaomi Smart Kids Watch นาฬิกา → src=product_store prods=10 4.7s
[167/13537] ✅ detail-00167 | Reolink Argus ECO กล้องวงจรปิดไร้สาย (Global Versi → src=product_store prods=10 3.3s
[168/13537] ✅ detail-00168 | ศูนย์ไทย  Deerma DEM-ZC10 เครื่องทำอาหารเช้า 3 in  → src=product_store prods=4 3.4s
[169/13537] ✅ detail-00169 | CM1900 เครื่องดูดไรฝุ่น ไร้สาย ขอรายละเอียดสินค้าห → src=product_store prods=10 3.1s
[170/13537] ✅ detail-00170 | JORDAN & JUDY แปรงขัดหน้า หัวแปรง 2 ด้าน 2 ขนาด กั → src=product_store prods=10 1.6s
[171/13537] ✅ detail-00171 | Powerconnex รางไฟคุณภาพขนาด 4 ช่อง แบบสวิตซ์ + 4 ช → src=product_store prods=10 1.8s
[172/13537] ✅ detail-00172 | QKZ AK2 หูฟัง Dynamic Driver เสียงเบสแน่นทรงพลัง ข → src=product_store prods=10 3.9s
[173/13537] ✅ detail-00173 | QKZ CK2 หูฟัง 2 ไดรเวอร์ไดนามิค สดใหม่ จัดจ้านทุกย → src=product_store prods=10 3.5s
[174/13537] ✅ detail-00174 | ZMI AF213 Fan พัดลมพกพา Minimal ความเร็ว 3ระดับ แบ → src=product_store prods=10 2.4s
[175/13537] ✅ detail-00175 | Haylou LS02 Smart Watch สมาร์ทวอทช์ มาพร้อม 12 ขอร → src=product_store prods=10 2.5s
[176/13537] ✅ detail-00176 | Cosbeauty LLLT Hair Growth Cap หมวกปลูกผม ด้วยแสงเ → src=product_store prods=8 2.1s
[177/13537] ✅ detail-00177 | ศูนย์ไทย Soundpeats Truengine 3 SE หูฟังไร้สาย Blu → src=product_store prods=10 1.9s
[178/13537] ✅ detail-00178 | ศูนย์ไทย  70mai Qi Wireless แท่นชาร์จมือถือไร้สาย  → src=product_store prods=10 1.9s
[179/13537] ✅ detail-00179 | Ticwatch Pro 4G/LTE รองรับการใช้งาน E-SIM หน้าจอ A → src=product_store prods=10 2.7s
[180/13537] ✅ detail-00180 | Xiaomi Mi 10T Pro (8/128GB - 8/256GB) สมาร์ทโฟน Sn → src=product_store prods=10 3.5s
[181/13537] ✅ detail-00181 | Reolink Argus 2 กล้องวงจรปิดไร้สาย (Global Version → src=product_store prods=10 4.3s
[182/13537] ✅ detail-00182 | Hoover One PWR Floormate JET เครื่องดูดฝุ่นไร้สาย  → src=product_store prods=10 3.1s
[183/13537] ✅ detail-00183 | Alien Secret QCC010 Max หูฟังไร้สาย aptX™ ชาร์จไร้ → src=product_store prods=10 3.1s
[184/13537] ✅ detail-00184 | Xiaomi AIOT Router AX9000 เร้าเตอร์ WiFi6 3 ช่องสั → src=product_store prods=4 4.7s
[185/13537] ✅ detail-00185 | Xiaomi POCO X3 Pro (6/128GB - 8/256GB) โทรศัพท์ สม → src=product_store prods=10 4.7s
[186/13537] ✅ detail-00186 | Elgato Game Capture HD60 Pro แคปเจอร์การ์ด 1080p60 → src=product_store prods=9 1.5s
[187/13537] ✅ detail-00187 | Deerma CM800/ CM300S/ EX919 เครื่องดูดไรฝุ่น 99.9% → src=product_store prods=10 3.7s
[188/13537] ✅ detail-00188 | SanDisk Ultra MicroSDHC เมมโมรี่การ์ด ความจุ 32GB  → src=product_store prods=3 3.2s
[189/13537] ✅ detail-00189 | ELOOP E12 ของแท้ 100% แบตสำรอง 11000mAh (2 ช่องชาร → src=product_store prods=10 3.9s
[190/13537] ✅ detail-00190 | (รับประกันศูนย์ไทย) Xiaomi Outdoor Camera CW300 ขอ → src=product_store prods=10 4.3s
[191/13537] ✅ detail-00191 | (ศูนย์ไทย) Xiaomi Air Purifier Filter ขอรายละเอียด → src=product_store prods=10 4.0s
[192/13537] ✅ detail-00192 | Qualitell ZS9001 ไม้ตียุงไฟฟ้า 2in1 มีโหมดกำจัด +  → src=product_store prods=1 2.5s
[193/13537] ✅ detail-00193 | Xiaomi Xiaoai ลำโพงบลูทูธ BT5.0  ลำโพงพกพาไร้สาย M → src=product_store prods=9 3.1s
[194/13537] ✅ detail-00194 | QCY HT01 หูฟังไร้สาย True wireless รองรับ Gaming M → src=product_store prods=10 2.4s
[195/13537] ✅ detail-00195 | AUTOBOT LAZER mark 4 หุ่นยนต์ดุดฝุ่น พลังการดูด 80 → src=product_store prods=10 3.3s
[196/13537] ✅ detail-00196 | Hoover FloorMate Deluxe เครื่องดูดฝุ่น-ขัดพื้น ขอร → src=product_store prods=10 3.6s
[197/13537] ✅ detail-00197 | Nillkin USB Charger cable for Xiaomi Mi Band 4 สาย → src=product_store prods=10 2.8s
[198/13537] ✅ detail-00198 | (ฟรี!! ปลั๊ก) Xiaomi Mijia Capsule Coffee Machine  → src=product_store prods=10 2.5s
[199/13537] ✅ detail-00199 | VIOMI Cabinet เครื่องวางจาน อบแห้ง ฆ่าเชื้อแบคทีเร → src=product_store prods=10 1.6s
[200/13537] ✅ detail-00200 | IMOU Ranger 2 กล้องวงจรปิด (Global Version) 360° ค → src=product_store prods=10 3.0s
[201/13537] ✅ detail-00201 | Deerma F325 Air Humidifier เครื่องเพิ่มความชื้นในอ → src=product_store prods=10 2.0s
[202/13537] ✅ detail-00202 | Xiaomi Redmi Note 9 ศูนย์ไทย(3/64 - 4/128GB) Media → src=product_store prods=9 4.3s
[203/13537] ✅ detail-00203 | Mist Fan H9 Pro พัดลมไอน้ำไร้สาย 5 in 1 ปรับความแร → src=product_store prods=10 3.3s
[204/13537] ✅ detail-00204 | QCY M10 หูฟังไร้สาย TWS 5.0 สัญญาณเสถียร ดีเลย์น้อ → src=product_store prods=10 2.6s
[205/13537] ✅ detail-00205 | Dreame F9 Robot Vacuum หุ่นยนต์ดูดฝุ่น (Global Ver → src=product_store prods=10 3.0s
[206/13537] ✅ detail-00206 | พร้อมส่ง Eloop E45 20000mAh QC 3.0 สามารถชาร์จโน้ต → src=product_store prods=10 3.2s
[207/13537] ✅ detail-00207 | CUKTECH สายชาร์จ lightning MFi 3A 60W สำหรับ iPhon → src=product_store prods=4 1.7s
[208/13537] ✅ detail-00208 | Pioneer (SINGFUN) พัดลมตั้งพื้นปรับความสูงได้ 13 น → src=product_store prods=10 3.1s
[209/13537] ✅ detail-00209 | เครื่องดูดไรฝุ่น SWDK KC101 ดูดไรฝุ่น ไร้สาย  สีขา → src=product_store prods=10 2.8s
[210/13537] ✅ detail-00210 | Pamu slide mini หูฟังไร้สาย Bluetooth 5.0 aptX กัน → src=product_store prods=10 3.6s
[211/13537] ✅ detail-00211 | Trouver Robot LDS Vacuum-Mop Finder หุ่นยนต์ดูดฝุ่ → src=product_store prods=10 3.3s
[212/13537] ✅ detail-00212 | Deerma DEM-GT100 เตารีดไอน้ำ ขนาดพกพา ร้อนเร็วเพีย → src=product_store prods=10 3.5s
[213/13537] ✅ detail-00213 | Fiil T1 XS หูฟังไร้สาย เสียงเบสกระชับ บาลานซ์เสียง → src=product_store prods=10 3.0s
[214/13537] ✅ detail-00214 | Haylou Solar LS05S สมาร์ทวอช หน้าจอ 1.28 นิ้ว ขอรา → src=product_store prods=10 3.2s
[215/13537] ✅ detail-00215 | (รับประกันศูนย์ไทย) Xiaomi Mi Smart Air Purifier 6 → src=knowledge_base+mongo prods=16 1.9s
[216/13537] ✅ detail-00216 | inFace (MS2000 / PRO) Sonic Facial Cleansing Brush → src=product_store prods=10 1.8s
[217/13537] ✅ detail-00217 | Deerma F628S เครื่องทำความชื้นอัลตราโซนิก+หลอด UV  → src=product_store prods=10 1.9s
[218/13537] ✅ detail-00218 | ROIDMI P6 Car Air Purifier ขอรายละเอียดสินค้าหน่อย → src=product_store prods=10 1.7s
[219/13537] ✅ detail-00219 | JMEY M1 1600W Hot Water Dispenser Desktop Mini ขอร → src=product_store prods=9 1.6s
[220/13537] ✅ detail-00220 | ศูนย์ไทย  Kingsmith K12 ลู่วิ่งไฟฟ้า ลู่วิ่ง ลู่เด → src=product_store prods=10 1.8s
[221/13537] ✅ detail-00221 | Xiaovv Q8 กล้องวงจรปิด ภายในบ้าน 1080p (CN V.) หมุ → src=product_store prods=10 1.8s
[222/13537] ✅ detail-00222 | Xiaovv P1 PTZ กล้องวงจรปิด (Chinese Version) มุมมอ → src=product_store prods=10 3.0s
[223/13537] ✅ detail-00223 | 1MORE Quad DRIVER In-Ear EJE0032 หูฟัง Hybrid 4 ขอ → src=product_store prods=10 3.6s
[224/13537] ✅ detail-00224 | MiJia T100 Sonic Electric Toothbrush แปรงไฟฟ้า น้ำ → src=product_store prods=10 2.2s
[225/13537] ✅ detail-00225 | Eloop รุ่น E26 แบตสำรอง Leather Power Bank หุ้มหนั → src=product_store prods=10 2.7s
[226/13537] ✅ detail-00226 | Eloop E38 แบตสำรอง 22000mAh ชาร์จเร็ว Quick Charge → src=product_store prods=10 2.3s
[227/13537] ✅ detail-00227 | SO WHITE EX3 Electric Toothbrush Head หัวแปรงสีฟัน → src=product_store prods=10 1.5s
[228/13537] ✅ detail-00228 | Xiaomi Mi Smart Standing Fan 1X / Fan 2 / Fan 2 Li → src=product_store prods=9 3.6s
[229/13537] ✅ detail-00229 | Xiaomi Bluetooth Air True Wireless พร้อมเคสชาร์จไฟ → src=product_store prods=1 3.3s
[230/13537] ✅ detail-00230 | Huawei Watch Fit หน้าปัดสี่เหลี่ยม ตรวจสุขภาพ ขอรา → src=product_store prods=10 2.9s
[231/13537] ✅ detail-00231 | ศูนย์ไทย  Huawei Watch Fit หน้าปัดสี่เหลี่ยม AMOLE → src=product_store prods=8 3.4s
[232/13537] ✅ detail-00232 | Xiaomi Redmi Note 9 Pro ศูนย์ไทย (6/128GB) Snapdra → src=product_store prods=10 4.7s
[233/13537] ✅ detail-00233 | JIMMY JV52 Modular Vacuum Cleaner เครื่องดูดฝุ่นไร → src=product_store prods=10 2.0s
[234/13537] ✅ detail-00234 | CUKTECH HA716T / A18T / AL870 / CL315P หัวชาร์จ /  → src=product_store prods=10 5.7s
[235/13537] ✅ detail-00235 | Lekong เครื่องฉีดน้ำแรงดันสูง 22 Bar ไร้สาย ล้างรถ → src=product_store prods=10 2.5s
[236/13537] ✅ detail-00236 | 1More Piston Earphone (In-Ear) 1M301-Black ขอรายละ → src=product_store prods=10 2.0s
[237/13537] ✅ detail-00237 | ELOOP E37 22000mAh รองรับ Quick Charge 3.0 + PD +  → src=product_store prods=7 2.9s
[238/13537] ✅ detail-00238 | Roidmi F8E Wireless Cleaner เครื่องดูดฝุ่นไร้สายไม → src=product_store prods=10 3.0s
[239/13537] ✅ detail-00239 | Lexiu SS320 พัดลมตั้งพื้น (CN V.) ปรับได้ 4 ทิศทาง → src=product_store prods=10 3.3s
[240/13537] ✅ detail-00240 | UiiSii TWS 11 Mini Touch Wireless BT 5.0 กันน้ำ IP → src=product_store prods=4 3.3s
[241/13537] ✅ detail-00241 | Pioneer SINGFUN พัดลมตั้งพื้นปรับความสูงได้13นิ้ว  → src=product_store prods=10 3.3s
[242/13537] ✅ detail-00242 | ศูนย์ไทย Black Shark 3 (8/128GB) ขุมพลัง Snapdrago → src=product_store prods=10 4.9s
[243/13537] ✅ detail-00243 | Xiaomi ai speaker play ลำโพง wireless-30D ขอรายละเ → src=product_store prods=9 3.0s
[244/13537] ✅ detail-00244 | Deerma JM126 Facial Cleansing and Massage device ข → src=product_store prods=10 2.1s
[245/13537] ✅ detail-00245 | 70mai Air Compressor ปั๊มลมยางแบบพกพา ประกัน-1Y ขอ → src=product_store prods=10 3.5s
[246/13537] ✅ detail-00246 | inFace ION Facial Device CF-03D เครื่องทำความสะอาด → src=product_store prods=10 1.6s
[247/13537] ❌ detail-00247 | YUNMAI Fitness Training Ring แหวนสำหรับออกกำลังกาย → src=product_store prods=0 1.6s
[248/13537] ✅ detail-00248 | Deerma DEM-DX1000W เครื่องดูดฝุ่น 16000Pa ไส้กรอง  → src=product_store prods=10 3.7s
[249/13537] ✅ detail-00249 | Elgato Green Screen กรีนสกรีน แบบตั้งพื้น พับเก็บไ → src=product_store prods=10 1.8s
[250/13537] ✅ detail-00250 | KW19 นาฬิกาอัจฉริยะ วัดคลื่นหัวใจได้ -30D ขอรายละเ → src=product_store prods=10 2.2s
[251/13537] ✅ detail-00251 | พร้อมส่ง Black Shark Cooling Fan พัดลมระบายความร้อ → src=product_store prods=10 2.4s
[252/13537] ✅ detail-00252 | Smartmi humidifier เครื่องทำความชื้น เพื่อให้อากาศ → src=product_store prods=10 2.2s
[253/13537] ✅ detail-00253 | SWDK KC101 เครื่องดูดไรฝุ่น ไร้สาย แรงดูด 6000Pa - → src=product_store prods=10 3.1s
[254/13537] ✅ detail-00254 | XIAOLANG Heater Dryer เครื่องอบผ้าขนาด 14/35/60 L  → src=product_store prods=10 1.8s
[255/13537] ✅ detail-00255 | Deerma Vacuum Cleaner รุ่น DX118C เครื่องดูดฝุ่นแบ → src=product_store prods=10 4.1s
[256/13537] ✅ detail-00256 | Xiaomi Geometry Fish Tank ตู้ปลาจำลองระบบนิเวศน์ใน → src=product_store prods=6 1.8s
[257/13537] ✅ detail-00257 | ศูนย์ไทย Xiaomi Redmi 9 (4/64GB)-15M ขอรายละเอียดส → src=product_store prods=9 2.3s
[258/13537] ✅ detail-00258 | Xiaomi Redmi Note 9S (6/128GB)-15M ขอรายละเอียดสิน → src=product_store prods=10 3.4s
[259/13537] ✅ detail-00259 | Xiaomi Mi Wireless Fast Charging 20W ศูนย์ไทย ขอรา → src=product_store prods=10 3.5s
[260/13537] ✅ detail-00260 | Huawei AP38 Super Charge Car Charger หัวชาร์จในรถ  → src=product_store prods=10 3.1s
[261/13537] ✅ detail-00261 | TicWatch Pro 3 GPS สมาร์ทวอทช์  Snapdragon Wear™ - → src=product_store prods=10 4.1s
[262/13537] ✅ detail-00262 | Xiaomi Mijia x Wiha ไขควงเปลี่ยนหัวได้ 8 in 1 ขอรา → src=product_store prods=8 1.5s
[263/13537] ❌ detail-00263 | Deerma DEM-DR035 กระติกน้ำร้อนไฟฟ้า ร้อนไว  40°C - → src=product_store prods=0 1.8s
[264/13537] ✅ detail-00264 | Xiaovv Q8 กล้องวงจรปิด ภายในบ้าน 1080p (CN V.) หมุ → src=product_store prods=10 2.8s
[265/13537] ✅ detail-00265 | Deerma DEM-NU30 เครื่องปั่นน้ำผลไม้ ขนาด 300 ml แบ → src=product_store prods=10 1.7s
[266/13537] ✅ detail-00266 | AUTOBOT EVERYBOT หุ่นยนต์ถูพื้นไร้สาย อัตโนมัติ ขอ → src=product_store prods=10 3.1s
[267/13537] ✅ detail-00267 | รุ่นใหม่ 1More ColorBuds True Wireless In-Ear ขอรา → src=product_store prods=10 2.9s
[268/13537] ✅ detail-00268 | BINNIFA Live 3 Plus Cinema 5.1 ชุดลำโพง ซาวด์บาร์  → src=product_store prods=10 3.1s
[269/13537] ✅ detail-00269 | Xiaomi MIJIA SWDK ZDG300 เครื่องถูพื้น ครบในตัวเดี → src=product_store prods=10 2.2s
[270/13537] ✅ detail-00270 | OnePlus 7 Pro (8/256GB) ขอรายละเอียดสินค้าหน่อยค่ะ → src=product_store prods=5 3.9s
[271/13537] ✅ detail-00271 | (ประกันศูนย์ไทย) Xiaomi Body Composition S200/S400 → src=product_store prods=7 4.2s
[272/13537] ✅ detail-00272 | L8 นาฬิกาอัจฉริยะ IP68 กันน้ำ จอ 1.2 นิ้ว-30D ขอรา → src=product_store prods=10 3.1s
[273/13537] ✅ detail-00273 | Xiaomi Mi WiFi Amplifier Pro / AC1200 ตัวขยายสัญญา → src=product_store prods=10 2.6s
[274/13537] ✅ detail-00274 | Lexiu GS2 เตารีดไอน้ำพกพา ด้ามจับทรงยาว-30D ขอรายล → src=product_store prods=10 1.7s
[275/13537] ✅ detail-00275 | (ส่งด่วนฟรี!) iSUPER Air Purifier Cartridge Anti-B → src=product_store prods=10 3.3s
[276/13537] ✅ detail-00276 | ศูนย์ไทย SoundPeats TrueAir True Wireless หูฟังไร้ → src=product_store prods=10 2.8s
[277/13537] ✅ detail-00277 | Xiaomi Vertical Wireless Charger 20w แท่นชาร์จไร้ส → src=product_store prods=10 3.3s
[278/13537] ✅ detail-00278 | Xiaomi Smart Scale 2 เครื่องชั่งน้ำหนักอัจฉริยะ จอ → src=knowledge_base+mongo prods=6 3.1s
[279/13537] ✅ detail-00279 | Deerma VC25 เครื่องดูดฝุ่นไร้สาย 150W ถังเก็บฝุ่น  → src=product_store prods=10 3.3s
[280/13537] ✅ detail-00280 | Deerma Vacuum Cleaner รุ่น DX118C เครื่องดูดฝุ่นแบ → src=product_store prods=10 3.5s
[281/13537] ✅ detail-00281 | AirPOP Sport belt อุปกรณ์ป้องกันเข่า ขอรายละเอียดส → src=product_store prods=5 1.9s
[282/13537] ✅ detail-00282 | Eloop C6 หัวชาร์จเร็ว PD, QC จ่ายไฟสูงสุด 45W เทคโ → src=product_store prods=10 3.7s
[283/13537] ✅ detail-00283 | Amazfit Airrun ลู่วิ่งไฟฟ้า อัจฉริยะ พร้อมลำโพง JB → src=product_store prods=10 1.7s
[284/13537] ✅ detail-00284 | Deerma DEM-NU30 เครื่องปั่นน้ำผลไม้ ขนาด 300 ml แบ → src=product_store prods=10 2.2s
[285/13537] ✅ detail-00285 | Hoover One PWR BLADE MAX เครื่องดูดฝุ่นไร้สาย 12,5 → src=product_store prods=10 3.6s
[286/13537] ✅ detail-00286 | Wanbo Projector X1 โปรเจคเตอร์ โปรเจคเตอร์มินิ Xia → src=product_store prods=10 3.9s
[287/13537] ✅ detail-00287 | OnePlus 7 (8/256GB) - (12/256GB) Snapdragon 855 ขอ → src=product_store prods=5 3.5s
[288/13537] ✅ detail-00288 | (รับประกันศูนย์ไทย) Xiaomi Mi Air Purifier 4 Pro ( → src=knowledge_base+mongo prods=11 1.9s
[289/13537] ✅ detail-00289 | ศูนย์ไทย Xiaomi Mi Note 10 Pro (8/256GB) กล้องหลัง → src=product_store prods=10 5.2s
[290/13537] ✅ detail-00290 | Doco B01 Soft Sonic Cleansing Deviceแปรงล้างหน้า ข → src=product_store prods=10 1.6s
[291/13537] ✅ detail-00291 | Car Air Purifier เครื่องฟอกอากาศในรถ PM2.5 ขอรายละ → src=product_store prods=10 2.5s
[292/13537] ✅ detail-00292 | Deerma HX10 Shoe Dryer เครื่องอบรองเท้า เป่ารองเท้ → src=product_store prods=10 2.4s
[293/13537] ✅ detail-00293 | Xiaomi Redmi Note 8 Pro (6/128GB) ขอรายละเอียดสินค → src=product_store prods=10 3.6s
[294/13537] ✅ detail-00294 | Zhibai HL510 Hair Dryer ไดร์เป่าผม สำหรับร้านทำผมม → src=product_store prods=10 1.8s
[295/13537] ✅ detail-00295 | (รับประกันศูนย์ไทย) Xiaomi Smart Camera C302 กล้อง → src=product_store prods=10 4.2s
[296/13537] ✅ detail-00296 | Mijia Floor Fan 2020 Edition (JLLDS01DM) พัดลม อัจ → src=product_store prods=10 3.5s
[297/13537] ✅ detail-00297 | Microhoo USB Cooling Fan พัดลมไอเย็น แบบตั้งโต๊ะ ข → src=product_store prods=10 3.1s
[298/13537] ✅ detail-00298 | Cleanfly Wireless เครื่องดูดฝุ่นในรถ ไร้สาย หัวแบน → src=product_store prods=10 3.5s
[299/13537] ✅ detail-00299 | ศูนย์ไทย  Pamu slide mini หูฟังไร้สาย Bluetooth 5. → src=product_store prods=10 3.5s
[300/13537] ✅ detail-00300 | Xiaomi Mi Curved Gaming Monitor 34 นิ้ว 144Hz จอมอ → src=product_store prods=10 2.3s
[301/13537] ✅ detail-00301 | (รับประกันศูนย์ไทย) Xiaomi TV Stick 1080P ขอรายละเ → src=product_store prods=10 2.3s
[302/13537] ✅ detail-00302 | Xiaomi Mi Wireless Mouse Lite / WS002TM Wireless M → src=product_store prods=2 4.0s
[303/13537] ✅ detail-00303 | Haylou LS02 Smart Watch สมาร์ทวอทช์ มาพร้อม 12 ขอร → src=product_store prods=10 2.5s
[304/13537] ✅ detail-00304 | QKZ KD7 หูฟัง HI-RES 2 ไดรเวอร์พลังขับสุดยอดเบสลูก → src=product_store prods=10 3.0s
[305/13537] ✅ detail-00305 | Zaiwan BP35S พัดลมพกพา ตัวฐานคลิปหนีบ ปรับแรงลม 4  → src=product_store prods=9 2.2s
[306/13537] ✅ detail-00306 | Dr.BEI Sonic Electric Toothbrush แปรงสีฟันไฟฟ้า ระ → src=product_store prods=10 1.9s
[307/13537] ✅ detail-00307 | Baseus BS-20KP203 แบตสำรอง 20000mAh ชาร์จเร็ว PD3. → src=product_store prods=10 4.2s
[308/13537] ✅ detail-00308 | Case เคสเคฟล่าแท้ สำหรับการเก็บสิ่งของขนาดเล็ก หรื → src=knowledge_base+mongo prods=21 3.4s
[309/13537] ✅ detail-00309 | YUNMAI Balance เครื่องชั่งน้ำหนักอัจฉริยะ เวอร์ชั่ → src=knowledge_base+mongo prods=1 1.6s
[310/13537] ✅ detail-00310 | Powerconnex รางไฟคุณภาพขนาด 6 ช่อง แบบสวิชต์ -5Y ข → src=product_store prods=10 2.5s
[311/13537] ✅ detail-00311 | Xiaomi Air Purifier Pro-H (GB V.) เครื่องฟอกอากาศ  → src=product_store prods=10 2.0s
[312/13537] ✅ detail-00312 | Smart Watch KW17 นาฬิกาอัจฉริยะ มีโหมดกีฬา-30D ขอร → src=product_store prods=10 3.0s
[313/13537] ✅ detail-00313 | ศูนย์ไทย iSuper T5 หูฟัง TWS 5.0 รองรับ Gaming Mod → src=product_store prods=10 3.3s
[314/13537] ✅ detail-00314 | พร้อมส่ง Deerma VC20 Plus / VC25 เครื่องดูดฝุ่น มี → src=product_store prods=10 3.5s
[315/13537] ✅ detail-00315 | Happy Life Towel Disinfection Dryer เครื่องเป่าฆ่า → src=product_store prods=10 1.9s
[316/13537] ✅ detail-00316 | KINGSMITH K9 ลู่เดิน ลู่วิ่งออกกำลังกาย 2in1 หน้าจ → src=product_store prods=10 2.4s
[317/13537] ✅ detail-00317 | Xiaomi Redmi 9 (4/64GB) ศูนย์ไทย กล้อง 4 ตัว จอใหญ → src=product_store prods=10 4.6s
[318/13537] ✅ detail-00318 | พร้อมส่ง Haylou Solar LS05 (Global Version) สมาร์ท → src=product_store prods=10 3.0s
[319/13537] ✅ detail-00319 | ศูนย์ไทย  70mai Air Compressor Lite Air Pump ขอราย → src=product_store prods=7 2.8s
[320/13537] ✅ detail-00320 | Xiaomi Mi Curved Gaming Monitor 34 นิ้ว 144Hz ขอรา → src=product_store prods=10 2.2s
[321/13537] ✅ detail-00321 | Mist Fan H9 Pro พัดลมไอน้ำ ไร้สาย แรงลม 3 ระดับ ขอ → src=product_store prods=10 2.7s
[322/13537] ✅ detail-00322 | HW11 Smartwatch เหมาะสำหรับเด็ก และ ครอบครัว มีระบ → src=product_store prods=10 1.8s
[323/13537] ✅ detail-00323 | YUNMAI Balance (Eng V.) เครื่องชั่งน้ำหนัก ใช้งานผ → src=product_store prods=3 3.1s
[324/13537] ✅ detail-00324 | Xiaomi colorful mini backpack กระเป๋าเป้สำหรับใส่ร → src=product_store prods=10 1.6s
[325/13537] ✅ detail-00325 | TP-Link Tapo L510E หลอดไฟ หลอดไฟอัจฉริยะ สั่งผ่านA → src=product_store prods=10 1.9s
[326/13537] ✅ detail-00326 | IMILAB EC4 (GB V.) กล้องวงจรปิด Xiaomi ไร้สาย คมชั → src=product_store prods=10 3.2s
[327/13537] ✅ detail-00327 | SanDisk microSD 64GB ULTRA (Class10) เมมโมรี่การ์ด → src=product_store prods=3 2.9s
[328/13537] ✅ detail-00328 | L8 นาฬิกาอัจฉริยะ IP68 กันน้ำ จอ 1.2 นิ้ว -30D ขอร → src=product_store prods=10 1.6s
[329/13537] ✅ detail-00329 | DT98 นาฬิกาอัจฉริยะ วัดการนอนได้-30D ขอรายละเอียดส → src=product_store prods=10 2.0s
[330/13537] ✅ detail-00330 | Doco B01 Soft Sonic Cleansing Device แปรงขัดหน้า น → src=product_store prods=10 1.8s
[331/13537] ✅ detail-00331 | ZHIBAI TL3 แปรงสีฟันไฟฟ้า โซนิค ไร้สาย 3 โหมดแปรง  → src=product_store prods=10 1.8s
[332/13537] ✅ detail-00332 | Eloop C5 หัวชาร์จเร็ว PD, QC 4.0, FCP  สูงสุด 65W  → src=product_store prods=10 4.8s
[333/13537] ✅ detail-00333 | Mifo O7 Double Balanced หูฟังอินเอียร์ไร้สาย กันน้ → src=product_store prods=10 2.8s
[334/13537] ✅ detail-00334 | Xiaomi Air Purifier Pro-H (GB V.) เครื่องฟอกอากาศ  → src=product_store prods=10 2.0s
[335/13537] ✅ detail-00335 | ศูนย์ไทย  70mai 1S 1080P (Global Ver.) SONY 1080p  → src=product_store prods=10 1.6s
[336/13537] ✅ detail-00336 | Car Air Purifier เครื่องฟอกอากาศในรถ PM2.5 ขอรายละ → src=product_store prods=10 1.7s
[337/13537] ✅ detail-00337 | TicWatch Pro 3 GPS สมาร์ทวอทช์  Snapdragon Wear™ - → src=product_store prods=10 3.8s
[338/13537] ✅ detail-00338 | 70mai hardware kit ชุดฮาร์ดแวร์เฝ้าระวังที่จอดรถ 2 → src=product_store prods=6 3.0s
[339/13537] ✅ detail-00339 | HUTT DDC55 หุ่นยนต์เช็ดกระจก เช็ดได้หมดจด ขอรายละเ → src=product_store prods=10 2.3s
[340/13537] ✅ detail-00340 | Yesoul S3 จักรยานออกกำลังกาย รองรับน้ำหนัก 100 กิโ → src=product_store prods=10 2.5s
[341/13537] ✅ detail-00341 | Hoover One PWR BLADE MAX เครื่องดูดฝุ่นไร้สาย 12,5 → src=product_store prods=10 3.0s
[342/13537] ✅ detail-00342 | 1MORE ComfoBuds Pro ตัดเสียงรบกวน ANC หูฟังไร้สาย  → src=product_store prods=10 3.5s
[343/13537] ✅ detail-00343 | Xiaomi Mi Watch นาฬิกาสมาร์ทวอช GPS ในตัว กันน้ำ 5 → src=product_store prods=10 2.4s
[344/13537] ✅ detail-00344 | IMILAB EC4 (GB V.) กล้องวงจรปิด ไร้สาย คมชัด 2.5K  → src=product_store prods=10 3.6s
[345/13537] ✅ detail-00345 | Xiaomi Mijia Water Ion Electric Hair Dryer 1800W ( → src=product_store prods=10 2.8s
[346/13537] ✅ detail-00346 | Eloop E39 แบตสำรอง Power Bank ความจุ 20000mAh พกพา → src=product_store prods=10 2.5s
[347/13537] ✅ detail-00347 | ZMI HA722 30W / HA832 65W หัวชาร์จ 2 พอร์ต / 3 พอร → src=product_store prods=10 4.3s
[348/13537] ✅ detail-00348 | (จัดส่งฟรี!) ไส้กรองอากาศ สำหรับ Xiaomi Air Purifi → src=product_store prods=7 3.6s
[349/13537] ✅ detail-00349 | (รับประกันศูยน์ไทย) Xiaomi Mijia Smart Air Purifie → src=product_store prods=10 2.9s
[350/13537] ✅ detail-00350 | Purpleglow BP52 หลอดไฟ อัลตราไวโอเลต แบตเตอรี่ลิเธ → src=product_store prods=10 1.8s
[351/13537] ✅ detail-00351 | Leravan EMS Massager LF-FH001 เครื่องนวดเท้าอัจฉริ → src=product_store prods=10 4.2s
[352/13537] ✅ detail-00352 | Xiaomi Mi WiFi Amplifier Pro / AC1200 ตัวขยายสัญญา → src=product_store prods=10 4.3s
[353/13537] ✅ detail-00353 | Deerma PX831 เครื่องปล่อยสเปรย์อัตโนมัติ ดับกลิ่น  → src=product_store prods=10 2.2s
[354/13537] ✅ detail-00354 | ศูนย์ไทย  Deerma DEM-NU05 / NU30 Portable Electric → src=product_store prods=2 4.6s
[355/13537] ✅ detail-00355 | Jordan & Judy กระจกแต่งหน้าแบบพกพา LED Touch contr → src=product_store prods=10 1.9s
[356/13537] ✅ detail-00356 | Xiaomi Mi Watch นาฬิกาสมาร์ทวอช GPS ในตัว กันน้ำ 5 → src=product_store prods=10 2.8s
[357/13537] ✅ detail-00357 | Leravan LF-TJ001GY หมอนรองคอ หมอนนวดไฟฟ้า หมอนเพื่ → src=product_store prods=10 2.8s
[358/13537] ✅ detail-00358 | Xiaomi Mi Air Purifier Max (CN Version) เครื่องฟอก → src=product_store prods=10 1.9s
[359/13537] ✅ detail-00359 | Uiisii TWS 12 BT 5.0 หูฟัง TWS กันน้ำ IPX6 ขอรายละ → src=product_store prods=10 2.7s
[360/13537] ✅ detail-00360 | (รับประกันสินค้า) Xiaomi Smart Camera C302 กล้องวง → src=product_store prods=10 4.6s
[361/13537] ✅ detail-00361 | Haylou Solar LS05 (GB Ver.) / Haylou LS02 สมาร์ทวอ → src=product_store prods=10 3.6s
[362/13537] ✅ detail-00362 | ฟรี!! เคส + ฟีล์ม  ศูนย์ไทย Xiaomi Redmi 9A (2/32G → src=product_store prods=10 2.5s
[363/13537] ✅ detail-00363 | Dreame F9 Robot Vacuum หุ่นยนต์ดูดฝุ่นอัจฉริยะ Glo → src=product_store prods=10 3.3s
[364/13537] ✅ detail-00364 | ศูนย์ไทย  Xiaomi True Wireless LINE Friends หูฟังไ → src=product_store prods=10 4.0s
[365/13537] ✅ detail-00365 | Zaiwan Ultrasonic Humidifier USB BP8 เครื่องทำความ → src=product_store prods=10 1.6s
[366/13537] ✅ detail-00366 | Deerma  VC01 / VC20  เครื่องดูดฝุ่นไร้สาย พลังการด → src=product_store prods=10 3.3s
[367/13537] ✅ detail-00367 | Electric Sticky Shoe เครื่องหุ้มรองเท้าอัตโนมัติ แ → src=product_store prods=10 1.9s
[368/13537] ✅ detail-00368 | Deerma DEM ZQ600 Home Steam Cleaner ขอรายละเอียดสิ → src=product_store prods=10 4.3s
[369/13537] ✅ detail-00369 | LEMI Medical Infrared Thermometer เครื่องวัดอุณหภู → src=product_store prods=10 1.6s
[370/13537] ✅ detail-00370 | REOLINK RLC-410W กล้องวงจรปิด (Global Version) 4MP → src=product_store prods=10 3.0s
[371/13537] ✅ detail-00371 | Xiaomi AIOT Router AX9000 เร้าเตอร์ WiFi6 3 ช่องสั → src=product_store prods=2 5.8s
[372/13537] ✅ detail-00372 | XG13 TWS Bluetooth 5.0 หูฟังบลูทูธไร้สาย เสียงดี ข → src=product_store prods=10 2.8s
[373/13537] ✅ detail-00373 | (รับประกันศูนย์ไทย) Xiaomi WiFi Range Extender N30 → src=product_store prods=10 2.7s
[374/13537] ✅ detail-00374 | Yeelight Wireless Charging รุ่น YLYD04YI แท่นชาร์จ → src=product_store prods=10 1.8s
[375/13537] ✅ detail-00375 | Deerma HX10 Shoe Dryer เครื่องอบรองเท้า เป่ารองเท้ → src=product_store prods=10 1.9s
[376/13537] ✅ detail-00376 | QCY T9S หูฟังไร้สาย True Wireless Bluetooth 5.0 เส → src=product_store prods=10 2.9s
[377/13537] ✅ detail-00377 | QCY T7 หูฟังบลูทูธ ไร้สาย True Wireless 5.0 ขอรายล → src=product_store prods=10 2.8s
[378/13537] ✅ detail-00378 | Xiaomi Redmi Note 9 (4/128GB) MediaTek Helio G85-1 → src=product_store prods=10 3.4s
[379/13537] ✅ detail-00379 | 70mai hardware kit ชุดฮาร์ดแวร์เฝ้าระวังที่จอดรถ 2 → src=product_store prods=5 1.9s
[380/13537] ✅ detail-00380 | Philips Water filter pitcher เหยือกกรองน้ำ 3.4 ลิต → src=product_store prods=10 3.3s
[381/13537] ✅ detail-00381 | Deerma DEM-KZ200 2 in 1 หม้อทอดไร้น้ำมัน เตาย่างไฟ → src=product_store prods=5 4.2s
[382/13537] ✅ detail-00382 | Wellskins WX-JM02 แปรงทำความสะอาดผิวหน้า นวดหน้า ข → src=product_store prods=10 2.0s
[383/13537] ✅ detail-00383 | 1More Piston Earphone (In-Ear) 1M301-Black หูฟังสา → src=product_store prods=10 2.8s
[384/13537] ✅ detail-00384 | Dreame V11 SE เครื่องดูดฝุ่นไร้สาย ดูดไรฝุ่น พลังด → src=product_store prods=10 3.8s
[385/13537] ✅ detail-00385 | Smart Watch KW17 นาฬิกาอัจฉริยะ มีโหมดกีฬา-30D ขอร → src=product_store prods=10 2.5s
[386/13537] ✅ detail-00386 | (ส่งด่วน 4 ชม.) iSUPER ไส้กรองสำหรับ Xiaomi Air Pu → src=product_store prods=10 3.9s
[387/13537] ✅ detail-00387 | KW19 นาฬิกาอัจฉริยะ วัดคลื่นหัวใจได้-30D ขอรายละเอ → src=product_store prods=10 1.5s
[388/13537] ✅ detail-00388 | Zhenmi X2 3L หม้อหุงข้าวลดน้ำตาล 44% ระบบ แยกน้ำข้ → src=product_store prods=10 2.6s
[389/13537] ✅ detail-00389 | YASE CLIP-FAN รุ่น YS2007 พัดลมพกพา พัดลมยืดได้ ขอ → src=product_store prods=10 1.6s
[390/13537] ✅ detail-00390 | Dreame V10 Plus (T100) รุ่นใหม่!! เพิ่มหัวดูดฝุ่นบ → src=product_store prods=10 4.5s
[391/13537] ✅ detail-00391 | Xiaomi Merach Merrick Nano Pocket Massage Gun ขอรา → src=product_store prods=10 3.0s
[392/13537] ✅ detail-00392 | ศูนย์ไทย  Mpow M30 True Wireless หูฟังไร้สาย Bluet → src=product_store prods=10 3.5s
[393/13537] ✅ detail-00393 | Lexiu SS4 Fan พัดลมไร้ใบพัด 2 โหมดใช้งาน ปรับ 9 ระ → src=product_store prods=10 3.3s
[394/13537] ✅ detail-00394 | LEXIU Rosou GS1 เตารีดผ้า ด้วยแรงดันไอน้ำ ปรับได้  → src=product_store prods=3 2.5s
[395/13537] ✅ detail-00395 | (รับประกันศูนย์ไทย) Xiaomi Mi Air Purifier Filter  → src=product_store prods=7 4.0s
[396/13537] ✅ detail-00396 | Reolink Solar Panel แผงโซล่าเซลล์ สำหรับกล้องวงจรป → src=product_store prods=10 2.7s
[397/13537] ✅ detail-00397 | Reolink RLC-511W กล้องวงจรปิด (Global Version) 5MP → src=product_store prods=10 2.5s
[398/13537] ✅ detail-00398 | Reolink RLC-520 กล้องวงจรปิด (GB Ver.) 5MP Night V → src=product_store prods=10 2.7s
[399/13537] ✅ detail-00399 | Soocas Pin Jing EX3 แปรงสีฟันไฟฟ้า เปลี่ยนหัวแปรงไ → src=product_store prods=10 2.4s
[400/13537] ✅ detail-00400 | Xiaomi Redmi Xiao AI Speaker Play ลำโพงอัจฉริยะ ขอ → src=product_store prods=10 3.6s
[401/13537] ✅ detail-00401 | (รับประกันศูนย์ไทย) Xiaomi Mijia Smart Air Purifie → src=product_store prods=10 2.1s
[402/13537] ✅ detail-00402 | Xiaomi Smart Air Purifier 4 Compact เครื่องฟอกอากา → src=product_store prods=10 1.5s
[403/13537] ✅ detail-00403 | Xiaomi Geometry Fish Tank ตู้ปลาจำลองระบบนิเวศน์ใน → src=product_store prods=10 2.3s
[404/13537] ✅ detail-00404 | Simpleway Automatic Foaming Dispenser ขอรายละเอียด → src=product_store prods=3 1.8s
[405/13537] ✅ detail-00405 | Dabai Shower หัวฝักบัวอาบน้ํา แรงดันสูง ป้องกันแบค → src=product_store prods=10 1.7s
[406/13537] ✅ detail-00406 | (รับประกันศูนย์ไทย) Xiaomi Soundbar 2.0ch Desktop  → src=product_store prods=8 4.0s
[407/13537] ✅ detail-00407 | Happy Life Aroma Humidifier เครื่องทำความชื้น ขนาด → src=product_store prods=10 1.7s
[408/13537] ✅ detail-00408 | Xiaomi Redmi Note 9 (3/64GB - 4/128GB) หน้าจอ 6.53 → src=product_store prods=10 4.0s
[409/13537] ✅ detail-00409 | พร้อมส่ง Xiaomi Mi Compact Bluetooth Speaker 2 (CN → src=product_store prods=9 2.9s
[410/13537] ✅ detail-00410 | Xiaomi Mi 10T (8/128GB) สมาร์ทโฟน Snapdragon 865 5 → src=product_store prods=10 3.5s
[411/13537] ✅ detail-00411 | HUTT DDC55 หุ่นยนต์เช็ดกระจก เช็ดได้หมดจด ขอรายละเ → src=product_store prods=10 1.9s
[412/13537] ✅ detail-00412 | AUTOBOT MINI หุ่นยนต์ดูดฝุ่น 3 in 1 กวาด ดูดฝุ่น เ → src=product_store prods=10 2.4s
[413/13537] ✅ detail-00413 | AUTOBOT Mini 2 หุ่นยนต์ดูดฝุ่น สำหรับห้อง 50 - 60  → src=product_store prods=10 4.1s
[414/13537] ✅ detail-00414 | Deerma VC01 MAX เครื่องดูดฝุ่นไร้สาย 2in1 ดูดฝุ่น- → src=product_store prods=10 3.7s
[415/13537] ✅ detail-00415 | TP-Link Tapo C210 กล้องวงจรปิด (Global Version) คม → src=product_store prods=10 4.5s
[416/13537] ✅ detail-00416 | Wellskins WX-TM01 2 in 1 กันคิ้ว โกนขน เครื่องกันค → src=product_store prods=7 4.4s
[417/13537] ✅ detail-00417 | ELOOP E19 (POWER BANK) 18000mAh ของแท้ 100% ขอรายล → src=product_store prods=10 2.9s
[418/13537] ✅ detail-00418 | ลำโพงบลูทูธ PK-16 ขนาดดอก 8นิ้ว wireless speaker-3 → src=product_store prods=10 2.8s
[419/13537] ✅ detail-00419 | Jimmy VC-S101W เครื่องดูดฝุ่น 2in1 (ดูด-ถู) พลังไซ → src=product_store prods=10 2.6s
[420/13537] ✅ detail-00420 | (จัดส่งฟรี!) Air Purifier Filter ขอรายละเอียดสินค้ → src=knowledge_base+mongo prods=10 3.0s
[421/13537] ✅ detail-00421 | Xiaomi Mi Air Purifier 2s (CN V.) / 3C (GB V.) เคร → src=product_store prods=10 2.5s
[422/13537] ✅ detail-00422 | Liushu Sterilization Toothbrush Holder ที่แขวนแปรง → src=product_store prods=2 3.2s
[423/13537] ✅ detail-00423 | Xiaomi Redmi Note 8 (4/64GB) ขอรายละเอียดสินค้าหน่ → src=product_store prods=10 3.1s
[424/13537] ✅ detail-00424 | Xiaomi Mi Compact Bluetooth Speaker 2 ลำโพงบลูทูธ  → src=product_store prods=3 2.5s
[425/13537] ✅ detail-00425 | ศูนย์ไทย Deerma VC20 Plus Wireless Handheld Vacuum → src=product_store prods=10 3.4s
[426/13537] ✅ detail-00426 | ศูนย์ไทย SoundPeats Truebuds True Wireless หูฟังไร → src=product_store prods=10 3.0s
[427/13537] ✅ detail-00427 | ศูนย์ไทย  Huawei Watch Fit จอ AMOLED ตรวจสุขภาพ ขอ → src=product_store prods=9 3.3s
[428/13537] ✅ detail-00428 | Xiaomi Bluetooth Air True Wireless พร้อมเคสชาร์จไฟ → src=product_store prods=4 4.0s
[429/13537] ✅ detail-00429 | BlueFish Mop Floor Cleaner LXY-02 ไม้ถูพื้น หมุน 3 → src=product_store prods=2 3.5s
[430/13537] ✅ detail-00430 | Blue Fish Mop Floor Cleaner LXY-02 หมุน 360 องศา - → src=product_store prods=3 3.5s
[431/13537] ✅ detail-00431 | Pamu slide mini หูฟังไร้สาย Bluetooth 5.0 aptX กัน → src=product_store prods=10 2.9s
[432/13537] ✅ detail-00432 | Philips Water filter pitcher เหยือกกรองน้ำ 3.4 ลิต → src=product_store prods=9 4.0s
[433/13537] ✅ detail-00433 | Tinymu JZF01 พัดลมตั้งโต๊ะ พัดลมไร้สาย แหงนขึ้น-ลง → src=product_store prods=10 2.8s
[434/13537] ✅ detail-00434 | ลำโพง Bluetooth wireless คาราโอเกะรุ่น Q8L -30D ขอ → src=product_store prods=10 3.0s
[435/13537] ✅ detail-00435 | Xiaomi Mi Air Purifier Max (CN Ver.) สำหรับห้อง 70 → src=product_store prods=10 2.8s
[436/13537] ✅ detail-00436 | Deerma VC25 เครื่องดูดฝุ่นไร้สาย 150W ถังเก็บฝุ่น  → src=product_store prods=10 3.0s
[437/13537] ✅ detail-00437 | Huohou Electric Bottle Opener ชุดที่เปิดขวดไวน์ไฟฟ → src=product_store prods=3 2.1s
[438/13537] ✅ detail-00438 | Mahootec AS-T300 ถังขยะไฟฟ้า Automatic Sensor ขนาด → src=product_store prods=6 4.2s
[439/13537] ✅ detail-00439 | Leravan LF - ZP008 Foot Massage เครื่องแช่เท้า ขอร → src=product_store prods=10 4.0s
[440/13537] ✅ detail-00440 | Weiyuan F1 Smart Handheld Bladeless Fan พัดลมไร้ใบ → src=product_store prods=10 2.8s
[441/13537] ✅ detail-00441 | พร้อมส่ง Haylou Solar LS05 (GB Ver.) สมาร์ทวอทช์ บ → src=product_store prods=10 1.4s
[442/13537] ✅ detail-00442 | LERAVAN Sleep Traction หมอนนวดคอ ลดอาการปวดคอ ขอรา → src=product_store prods=10 3.6s
[443/13537] ✅ detail-00443 | Deerma spray mop cleaning ผ้าถูพื้นสำรอง สำหรับ TB → src=product_store prods=10 2.0s
[444/13537] ✅ detail-00444 | Xiaomi Redmi Note 9S ศูนย์ไทย 6/128GB Snapdragon 7 → src=product_store prods=10 3.8s
[445/13537] ✅ detail-00445 | 70mai Air Compressor Lite Air Pump ขอรายละเอียดสิน → src=product_store prods=5 3.2s
[446/13537] ✅ detail-00446 | Lefan Foot Massager เครื่องนวดเท้า ปรับได้ 3 ระดับ → src=product_store prods=10 3.6s
[447/13537] ✅ detail-00447 | isuper Filter Air ไส้กรองกันฝุ่น PM 2.5 ขอรายละเอี → src=product_store prods=10 3.0s
[448/13537] ✅ detail-00448 | InFace Flashes IPL Laser Hair Removal ขอรายละเอียด → src=product_store prods=8 1.5s
[449/13537] ✅ detail-00449 | ZHENMI ZM-ED4001 หม้อไฟฟ้า ความจุ 4 ลิตร 4 in 1 ต้ → src=product_store prods=1 4.1s
[450/13537] ✅ detail-00450 | Alien Secret QCC010 Max หูฟังไร้สาย aptX™ เบสแน่น  → src=product_store prods=10 3.6s
[451/13537] ✅ detail-00451 | Hicon Ice Maker HZB-16A ผลิตน้ำแข็งรวดเร็ว เครื่อง → src=product_store prods=10 2.5s
[452/13537] ✅ detail-00452 | QKZ CK5 หูฟัง เสียงสเตอริโอ เบสแน่น มีตัวควบคุมไมโ → src=product_store prods=10 3.7s
[453/13537] ✅ detail-00453 | Dreame V10 / V10 Plus (T100) เครื่องดูดฝุ่นไร้สาย  → src=product_store prods=10 4.0s
[454/13537] ✅ detail-00454 | พร้อมส่ง Baseus Encok หูฟังเอียร์บัต(H06) คุณภาพสู → src=product_store prods=10 3.7s
[455/13537] ✅ detail-00455 | (รับประกันศูนย์ไทย) Xiaomi Air Purifier 4 Lite / 4 → src=product_store prods=10 2.0s
[456/13537] ✅ detail-00456 | KINGSMITH K9 ลู่เดิน - วิ่ง 2 in 1 หน้าจอ LED ขอรา → src=product_store prods=2 3.6s
[457/13537] ✅ detail-00457 | HUTT Muggle MM6  เครื่องดูดไรฝุ่น ไร้สาย HEPA Filt → src=product_store prods=10 2.8s
[458/13537] ✅ detail-00458 | YASE CLIP-FAN (CN Ver.) รุ่น YS2007 พัดลมพกพา ขอรา → src=product_store prods=10 1.7s
[459/13537] ✅ detail-00459 | Doco B01 Soft Sonic Cleansing Device แปรงขัดหน้า น → src=product_store prods=10 1.5s
[460/13537] ✅ detail-00460 | Huohou Electric Bottle Opener ชุดที่เปิดขวดไวน์ไฟฟ → src=product_store prods=9 1.7s
[461/13537] ✅ detail-00461 | SOOCAS W3 Portable Electric เครื่องทำความสะอาดช่อง → src=product_store prods=10 1.7s
[462/13537] ✅ detail-00462 | Eloop C6 หัวชาร์จเร็ว PD, QC จ่ายไฟสูงสุด 45W เทคโ → src=product_store prods=10 3.2s
[463/13537] ✅ detail-00463 | Tripod Support ขาตั้งโทรศัพท์มือถือ 3 ขา ขนาดเล็ก  → src=product_store prods=10 2.8s
[464/13537] ✅ detail-00464 | AUTOBOT Smart Mark 3 หุ่นยนต์ดูดฝุ่น อัจฉริยะ 3in1 → src=product_store prods=10 3.0s
[465/13537] ✅ detail-00465 | Nillkin USB Charger cable for Xiaomi Mi Band 4 สาย → src=product_store prods=10 3.2s
[466/13537] ✅ detail-00466 | Lexiu Rosou SS5 DC Fan พัดลมตั้งพื้น แรงลม 4 ระดับ → src=product_store prods=10 4.0s
[467/13537] ✅ detail-00467 | Xiaomi Mi Smart Steam Oven Toaster 12L เตาอบขนมปัง → src=product_store prods=10 2.5s
[468/13537] ✅ detail-00468 | Eloop EW40 Power Bank Wireless Charger 20000mAh QC → src=product_store prods=10 2.0s
[469/13537] ✅ detail-00469 | ELOOP E30 แบตสำรอง 5000mAh แท้ 100% 2 ช่องชาร์จ มา → src=product_store prods=10 3.5s
[470/13537] ✅ detail-00470 | ELOOP รุ่นS51/S53 สายชาร์จ Type C To สำหรับ iP คุณ → src=product_store prods=10 2.9s
[471/13537] ✅ detail-00471 | Mijia No Splash Nail Clipper Cutter กรรไกรตัดเล็บ  → src=product_store prods=10 2.0s
[472/13537] ✅ detail-00472 | Deerma F600 เครื่องพ่นไอน้ำ เครื่องทำความชื้น air  → src=product_store prods=10 2.3s
[473/13537] ✅ detail-00473 | Xiaomi Mi Bluetooth Air True Wireless หูฟังบลูทูธ  → src=product_store prods=10 4.3s
[474/13537] ✅ detail-00474 | Zhibai Dehumidifier (WS1) เครื่องควบคุมความชื้นภาย → src=product_store prods=10 1.8s
[475/13537] ✅ detail-00475 | Pioneer (SINGFUN) พัดลมตั้งพื้นปรับความสูงได้ 13 น → src=product_store prods=10 3.3s
[476/13537] ✅ detail-00476 | Lexiu ROSOU GS1 เตารีดผ้า ด้วยแรงดันไอน้ำ ปรับได้  → src=product_store prods=6 1.5s
[477/13537] ✅ detail-00477 | Lexiu SS320 พัดลมตั้งพื้น (CN V.) ปรับได้ 4 ทิศทาง → src=product_store prods=10 3.5s
[478/13537] ✅ detail-00478 | Xiaomi Mi AloT Router AC2350 (CN.Ver) เร้าเตอร์ ขอ → src=product_store prods=10 1.6s
[479/13537] ✅ detail-00479 | Deerma TB900-1Y / TB500-30D ไม้ม็อบ 2 in 1 กวาด -  → src=product_store prods=3 4.2s
[480/13537] ✅ detail-00480 | พร้อมส่ง Xiaomi Redmi Note 9 Pro (6/128GB) ขอรายละ → src=product_store prods=10 4.2s
[481/13537] ✅ detail-00481 | Xiaomi Router 4C เร้าเตอร์ รองรับการปล่อยสัญญาณสูง → src=product_store prods=10 1.6s
[482/13537] ✅ detail-00482 | Xiaomi Redmi 9 (4/64GB) ศูนย์ไทย กล้อง 4 ตัว จอใหญ → src=product_store prods=10 4.6s
[483/13537] ✅ detail-00483 | Xiaomi Mijia Wireless LED Table Lamp โคมไฟตั้งโต๊ะ → src=product_store prods=10 2.3s
[484/13537] ✅ detail-00484 | Mojietu Lightning Air pump ปั้มลมไร้สาย ปั้มเร็ว ช → src=product_store prods=5 2.8s
[485/13537] ✅ detail-00485 | Xiaovv Q8 กล้องวงจรปิด ภายในบ้าน 1080p (CN V.) หมุ → src=product_store prods=4 2.8s
[486/13537] ✅ detail-00486 | Deerma DEM-NU06 เครื่องปั้นน้ำผลไม้ ขนาดพกพา 400ml → src=product_store prods=10 3.3s
[487/13537] ✅ detail-00487 | AUTOBOT EVERYBOT หุ่นยนต์ถูพื้นไร้สาย อัตโนมัติ ขอ → src=product_store prods=10 3.5s
[488/13537] ✅ detail-00488 | AUTOBOT Thompson Mini หุ่นยนต์ดูดฝุ่น 3 in 1 กวาด  → src=product_store prods=10 3.1s
[489/13537] ✅ detail-00489 | Xiaomi Mi Air Purifier X เครื่องฟอกอากาศ รองรับพื้ → src=knowledge_base+mongo prods=24 4.0s
[490/13537] ✅ detail-00490 | AUTOBOT Mini Air Purified เครื่องฟอกอากาศ PM2.5 ไส → src=product_store prods=9 3.3s
[491/13537] ✅ detail-00491 | ลำโพงบลูทูธ sp-801 wireless speaker ขอรายละเอียดสิ → src=product_store prods=10 2.6s
[492/13537] ✅ detail-00492 | PowerConnex Hot Swap Surge Protection Module รุ่น  → src=product_store prods=10 1.7s
[493/13537] ✅ detail-00493 | Muggle MM6 เครื่องดูดฝุ่นไร้สาย HEPA Filter กำลังด → src=product_store prods=10 2.6s
[494/13537] ✅ detail-00494 | Lexiu GS2 เตารีดไอน้ำพกพา ด้ามจับทรงยาว-30D ขอรายล → src=product_store prods=10 1.5s
[495/13537] ✅ detail-00495 | Xiaomi Mi Air 2 SE / Xiaomi True Wireless Earphone → src=product_store prods=10 1.8s
[496/13537] ✅ detail-00496 | Xiaomi Mi 10T (8/128GB) สมาร์ทโฟน Snapdragon 865 5 → src=product_store prods=10 3.5s
[497/13537] ✅ detail-00497 | Oneplus 7T Pro (8/256GB) 90 Hz Display ขอรายละเอีย → src=product_store prods=4 1.6s
[498/13537] ✅ detail-00498 | สายสำรอง Mi Band 4 คุณภาพสูง สวยดูดีมีระดับ มีให้เ → src=product_store prods=10 3.3s
[499/13537] ✅ detail-00499 | UiiSii U8 หูฟัง In-Ear Driver Dynamic เบสหนักเสียง → src=product_store prods=10 4.3s
[500/13537] ✅ detail-00500 | P70 Smartwatch Heart Rate Monitor ติดตามกิจกรรมประ → src=product_store prods=10 3.0s

⚠️  ถึงจำนวน request สูงสุด (500) หยุดที่เคสที่ 501
   รันแล้ว 500 เคสในรอบนี้ (รวม 500/13537)
   คำสั่งรันต่อ: python scripts/testQA2.py --run --batch all --max-reqs 500 --resume

============================================================
เสร็จสิ้นรอบนี้: 500 เคส | รวมสะสม 500/13537
  เหลืออีก: 13037 เคส
  results: /Users/itdev4/Documents/GitHub/ChatBotProductMS/scripts/testQA2_results.json
  wrong:   /Users/itdev4/Documents/GitHub/ChatBotProductMS/scripts/testQA2_wrong.json
  summary: /Users/itdev4/Documents/GitHub/ChatBotProductMS/scripts/testQA2_summary.json

📌 รันต่อ: python scripts/testQA2.py --run --batch all --max-reqs 500 --resume
============================================================

   ✅ key_2 เสร็จ — รวม 500 เคส

────────────────────────────────────────────────────────────
🔑 รอบ key_3 (key: AQ.Ab8RN...fJAw)
────────────────────────────────────────────────────────────
   เขียน key_3 ลง GEMINI_API_KEY แล้ว
🔄 restart server...
scripts/run_fresh_tests.sh: line 42: 78282 Terminated: 15          nohup .venv/bin/uvicorn shopeechatbot.app:app --host 127.0.0.1 --port $PORT --log-level info > "$LOG_DIR/server.log" 2>&1
  รอ server ready...
  ✅ server ready (try 16)
   ▶️  resume ต่อจากเดิม
   args: --run --resume --batch all --max-reqs 500

📥 Resume: พบ 500 เคสที่รันแล้ว จะข้าม

============================================================
เริ่มรัน test: 13037 เคส จากทั้งหมด 13537 (ข้าม 500)
  batch=all, max=500, resume=True
============================================================

[501/13537] ✅ detail-00501 | ศูนย์ไทย  Xiaobai IMILAB EC2 + Gateway กล้องวงจรปิ → src=product_store prods=8 4.1s
[502/13537] ✅ detail-00502 | ROIDMI P6 Car Air Purifier ขอรายละเอียดสินค้าหน่อย → src=product_store prods=9 1.9s
[503/13537] ✅ detail-00503 | ศูนย์ไทย  70mai Mini Dash Cam (Global Ver.) 1600P  → src=product_store prods=9 4.0s
[504/13537] ✅ detail-00504 | OneDer V01 16W mini soundbar หน้าจอ LED stereo sou → src=product_store prods=2 2.8s
[505/13537] ✅ detail-00505 | Xiaomi Redmi Xiao AI Speaker Play ลำโพงอัจฉริยะ ขอ → src=product_store prods=9 4.1s
[506/13537] ✅ detail-00506 | AirPOP Sport ankle ขอรายละเอียดสินค้าหน่อยค่ะ → src=product_store prods=10 1.5s
[507/13537] ✅ detail-00507 | Xiaomi Mijia Yiyohome หวี ป้องกันไฟฟ้าสถิตย์ จับถน → src=product_store prods=10 2.2s
[508/13537] ✅ detail-00508 | ZMI B508 ลำโพงบลูทูธ 2in1 ขอรายละเอียดสินค้าหน่อยค → src=product_store prods=2 3.5s
[509/13537] ✅ detail-00509 | Lexiu RS1 / RS101 Sweeping Robot ควบคุมผ่าน App ขอ → src=product_store prods=4 3.1s
[510/13537] ✅ detail-00510 | พร้อมส่ง Mist Fan H9 Pro พัดลมไอน้ำ ไร้สาย แรงลม 3 → src=product_store prods=10 2.6s
[511/13537] ✅ detail-00511 | YASE CLIP-FAN รุ่น YS2007 พัดลมพกพา พัดลมยืดได้ ขอ → src=product_store prods=9 3.1s
[512/13537] ✅ detail-00512 | ZHIBAI TL3 แปรงสีฟันไฟฟ้า โซนิค ไร้สาย 3 ขอรายละเอ → src=product_store prods=10 2.0s
[513/13537] ✅ detail-00513 | JIMMY JV52 Vacuum Cleaner ไร้สาย ความจุแบตเตอรี่25 → src=product_store prods=10 2.3s
[514/13537] ✅ detail-00514 | QCY T7 หูฟังบลูทูธ ไร้สาย True Wireless 5.0 ขอรายล → src=product_store prods=10 2.8s
[515/13537] ✅ detail-00515 | XiaoVV Pro 1080P กล้องวงจรปิด มุมมองกว้าง กันน้ำ ข → src=product_store prods=10 2.6s
[516/13537] ✅ detail-00516 | Liushu Sterilization Toothbrush Holder ที่แขวนแปรง → src=product_store prods=2 2.6s
[517/13537] ✅ detail-00517 | CUKTECH HA716T / A18T หัวชาร์จ 20W - 30W / สายชาร์ → src=product_store prods=10 5.2s
[518/13537] ✅ detail-00518 | Deerma DX900 เครื่องดูดฝุ่นไส้กรอง HEPA แรงดูด 15, → src=product_store prods=10 4.1s
[519/13537] ✅ detail-00519 | Wellskins WX-ZF105 หวีไฟฟ้า 3 in 1 ยืดผม ม้วนผม เป → src=product_store prods=5 3.6s
[520/13537] ✅ detail-00520 | YUELI Anion Hair Massage Brush พกพาง่าย ขอรายละเอี → src=product_store prods=8 1.8s
[521/13537] ✅ detail-00521 | Deerma F327 Air Humidifier เครื่องเพิ่มความชื้น ใน → src=product_store prods=10 1.7s
[522/13537] ✅ detail-00522 | Beheart Negative ion Hair Dryer ไดร์เป่าผม 1200W ป → src=product_store prods=10 1.8s
[523/13537] ✅ detail-00523 | Jipin Desktop Fan พัดลมพกพา แบบตั้งโต๊ะ ไร้สาย รุ่ → src=product_store prods=10 1.6s
[524/13537] ✅ detail-00524 | (รับประกันศูนย์ไทย) ลำโพง Xiaomi Sound Party ลำโพง → src=product_store prods=8 3.6s
[525/13537] ✅ detail-00525 | Xiaomi Electric Sticky Shoe เครื่องหุ้มรองเท้าอัตโ → src=product_store prods=10 1.8s
[526/13537] ✅ detail-00526 | ศูนย์ไทย  ศูนย์ไทย 70mai PRO (Global Ver.) 2K ใช้ง → src=product_store prods=10 3.6s
[527/13537] ✅ detail-00527 | Weiyuan F1 Smart Handheld Bladeless Fan พัดลมไร้ใบ → src=product_store prods=10 3.0s
[528/13537] ✅ detail-00528 | Yeelight Wireless Charger แท่นชาร์จมือถือจ่ายไฟ 10 → src=product_store prods=10 2.3s
[529/13537] ✅ detail-00529 | Jimmy VC-S101W เครื่องดูดฝุ่น 2in1 (ดูด-ถู) พลังไซ → src=product_store prods=10 3.3s
[530/13537] ✅ detail-00530 | 70mai hardware kit ชุดฮาร์ดแวร์เฝ้าระวังที่จอดรถ 2 → src=product_store prods=4 2.6s
[531/13537] ✅ detail-00531 | Mojietu Lightning Air pump ปั้มลมไร้สาย ปั้มเร็ว ช → src=product_store prods=6 3.1s
[532/13537] ✅ detail-00532 | Deerma DEM-ZC10 เครื่องทำอาหารเช้า 3 in 1 ปิ้งขนมป → src=product_store prods=2 3.3s
[533/13537] ✅ detail-00533 | ลำโพงคอมพิวเตอร์ BINNIFA Desktop Bar Computer Blue → src=product_store prods=10 4.2s
[534/13537] ✅ detail-00534 | Fiil T1 XS หูฟังไร้สาย เสียงเบสกระชับ บาลานซ์เสียง → src=product_store prods=10 2.8s
[535/13537] ✅ detail-00535 | IMILAB EC4 (GB V.) กล้องวงจรปิดไร้สาย คมชัด 2.5K 4 → src=product_store prods=10 4.2s
[536/13537] ✅ detail-00536 | OnePlus 7T (8/256GB) กล้อง 48 ล้านพิกเซล - SDM™855 → src=product_store prods=10 1.9s
[537/13537] ✅ detail-00537 | 1Plus 7T Pro McLaren (12/256GB)-1Y ขอรายละเอียดสิน → src=product_store prods=10 1.7s
[538/13537] ✅ detail-00538 | สายชาร์จ USB Type C Huawei Supercharge 5A ของแท้ 1 → src=product_store prods=10 2.4s
[539/13537] ✅ detail-00539 | P90XS นาฬิกาอัจฉริยะมีระบบ Touch screen วัดคลื่นหั → src=product_store prods=10 3.6s
[540/13537] ✅ detail-00540 | JIMMY JV52 Modular Vacuum Cleaner เครื่องดูดฝุ่นไร → src=product_store prods=10 1.7s
[541/13537] ✅ detail-00541 | ZMI B508 2 in 1 ลำโพงบลูทูธ + แท่นชาร์จไร้สาย พร้อ → src=product_store prods=7 3.4s
[542/13537] ✅ detail-00542 | Dreame V10 / V10 Plus (T100) เครื่องดูดฝุ่นไร้สาย  → src=product_store prods=10 4.4s
[543/13537] ✅ detail-00543 | VIOMI เครื่องวางจาน อบแห้ง ฆ่าเชื้อแบคทีเรีย ด้วยร → src=product_store prods=10 1.9s
[544/13537] ✅ detail-00544 | Xiaomi Mi AloT Router AC2350 (CN.Ver) เร้าเตอร์ ขอ → src=product_store prods=6 1.7s
[545/13537] ✅ detail-00545 | พร้อมส่ง Eloop EQ-24BUS แท้ 100% หัวชาร์จเร็ว 24W  → src=product_store prods=10 3.5s
[546/13537] ✅ detail-00546 | Huawei CP84 Super Charge 40W Quick ขอรายละเอียดสิน → src=product_store prods=10 3.7s
[547/13537] ✅ detail-00547 | Mahootec AS-T300 ถังขยะไฟฟ้า Automatic Sensor ขนาด → src=product_store prods=6 4.2s
[548/13537] ✅ detail-00548 | HUTT DDC55 หุ่นยนต์เช็ดกระจก เช็ดได้หมดจด ขอรายละเ → src=product_store prods=10 2.8s
[549/13537] ✅ detail-00549 | WellSkins WX-HT100 เครื่องกำจัดสิวเสี้ยนสูญญากาศ ศ → src=product_store prods=10 2.6s
[550/13537] ✅ detail-00550 | DJI OSMO Base ฐานสำหรับ DJI OSMO ทุกรุ่น วัสดุแข็ง → src=product_store prods=6 2.4s
[551/13537] ✅ detail-00551 | (รับประกันศูนย์ไทย) Xiaomi Mi Computer Monitor Lig → src=product_store prods=9 1.6s
[552/13537] ✅ detail-00552 | ศูนย์ไทย  70mai Car Purifier Pro Midrive AC02 ขอรา → src=product_store prods=6 3.0s
